gcc : main.c:64:12: warning: 'get_single_key' defined but not used [-Wunused-function]
At line:1 char:1
+ gcc -Wall -Wextra main.c menu.c operations.c directory.c hashmap.c -o ...
+ ~~~~~~~~~~~~~~~~~~~~~~~~~~~~~~~~~~~~~~~~~~~~~~~~~~~~~~~~~~~~~~~~~~~~~
    + CategoryInfo          : NotSpecified: (main.c:64:12: w...nused-function]:String) [ 
   ], RemoteException
    + FullyQualifiedErrorId : NativeCommandError
 
 static int get_single_key(void) {
            ^~~~~~~~~~~~~~
